
> lightos-app@0.1.0 build
> next build

Γû▓ Next.js 16.1.6 (Turbopack)

  Creating an optimized production build ...
Γ£ô Compiled successfully in 4.2s
  Running TypeScript ...
node.exe : Failed to compile.
At line:1 char:1
+ & "C:\Program 
Files\nodejs/node.exe" 
"C:\Program 
Files\nodejs/node_mo ...
+ ~~~~~~~~~~~~~~~~~~~~~~~~~~~
~~~~~~~~~~~~~~~~~~~~~~~~~~~~~
~~~~~~~~~~~~~
    + CategoryInfo           
   : NotSpecified: (Failed   
  to compile.:String) [],    
 RemoteException
    + FullyQualifiedErrorId  
   : NativeCommandError
 

./src/components/Hero.tsx:153
:34
Type error: Type '{ hidden: 
{ opacity: number; y: 
number; filter: string; }; 
visible: { opacity: number; 
y: number; filter: string; 
transition: { duration: 
number; ease: number[]; }; 
}; }' is not assignable to 
type 'Variants'.
  Property 'visible' is 
incompatible with index 
signature.
    Type '{ opacity: number; 
y: number; filter: string; 
transition: { duration: 
number; ease: number[]; }; 
}' is not assignable to type 
'Variant'.
      Type '{ opacity: 
number; y: number; filter: 
string; transition: { 
duration: number; ease: 
number[]; }; }' is not 
assignable to type 
'TargetAndTransition'.
        Type '{ opacity: 
number; y: number; filter: 
string; transition: { 
duration: number; ease: 
number[]; }; }' is not 
assignable to type '{ 
transition?: Transition<any> 
| undefined; transitionEnd?: 
ResolvedValues$1 | 
undefined; }'.
          Types of property 
'transition' are 
incompatible.
            Type '{ 
duration: number; ease: 
number[]; }' is not 
assignable to type 
'Transition<any> | 
undefined'.
              Type '{ 
duration: number; ease: 
number[]; }' is not 
assignable to type 'Transitio
nWithValueOverrides<any>'.
                Type '{ 
duration: number; ease: 
number[]; }' is not 
assignable to type 'ValueAnim
ationTransition<any>'.
                  Types of 
property 'ease' are 
incompatible.
                    Type 
'number[]' is not assignable 
to type 'Easing | Easing[] | 
undefined'.
                      Type 
'number[]' is not assignable 
to type 'EasingFunction | 
Easing[]'.
                        Type 
'number[]' is not assignable 
to type 'Easing[]'.
                          
Type 'number' is not 
assignable to type 'Easing'.

[0m [90m 151 |[39m        
             className[33m=
[39m[32m"font-[var(--font-he
ading)] 
text-[clamp(40px,7vw,90px)] 
font-extrabold 
leading-[1.02] mb-7 
tracking-[-2px]"[39m
 [90m 152 |[39m            
     [33m>[39m
[31m[1m>[22m[39m[90m 
153 |[39m                   
  [33m<[39m[33mmotion[39m
[33m.[39mspan variants[33m
=[39m{lineVariants} classNam
e[33m=[39m[32m"block"[39m
[33m>[39m[33mBuilding[39m
 the[33m<[39m[33m/[39m[3
3mmotion[39m[33m.[39mspan
[33m>[39m
 [90m     |[39m            
                      
[31m[1m^[22m[39m
 [90m 154 |[39m            
         [33m<[39m[33mmoti
on[39m[33m.[39mspan varian
ts[33m=[39m{lineVariants} c
lassName[33m=[39m[32m"bloc
k"[39m[33m>[39m[33mFuture
[39m [36mof[39m[33m<[39m
[33m/[39m[33mmotion[39m[
33m.[39mspan[33m>[39m
 [90m 155 |[39m            
         [33m<[39m[33mmoti
on[39m[33m.[39mspan varian
ts[33m=[39m{lineVariants} c
lassName[33m=[39m[32m"bloc
k"[39m[33m>[39m
 [90m 156 |[39m            
             [33mSmart[39m 
[33mLighting[39m[33m<[39m
[33mspan[39m className[33m
=[39m[32m"gradient-text"[3
9m[33m>[39m[33m.[39m[33m
<[39m[33m/[39m[33mspan[3
9m[33m>[39m[0m
Next.js build worker exited 
with code: 1 and signal: null
